src/components/stories/form-error.stories.tsx(1,37): error TS2307: Cannot find module '@storybook/react' or its corresponding type declarations.
src/components/stories/page-header.stories.tsx(1,37): error TS2307: Cannot find module '@storybook/react' or its corresponding type declarations.
src/components/stories/submit-button.stories.tsx(1,37): error TS2307: Cannot find module '@storybook/react' or its corresponding type declarations.
